
> timetabiq@0.1.0 build
> next build

   Γû▓ Next.js 15.5.10
   - Environments: .env.local
   - Experiments (use with caution):
     ┬╖ serverActions
     ┬╖ optimizePackageImports

   Creating an optimized production build ...
 Γ£ô Compiled successfully in 7.2s
   Skipping linting
   Checking validity of types ...
node.exe : Failed to 
compile.
At line:1 char:1
+ & "C:\Program 
Files\nodejs/node.exe" 
"C:\Program 
Files\nodejs/node_mo ...
+ ~~~~~~~~~~~~~~~~~~~~~~~~
~~~~~~~~~~~~~~~~~~~~~~~~~~
~~~~~~~~~~~~~~~~~~~
    + CategoryInfo        
      : NotSpecified: (F  
  ailed to compile.:Str   
 ing) [], RemoteExcept    
ion
    + FullyQualifiedError 
   Id : NativeCommandErr  
  or
 

.next-dev/types/validator.
ts:288:31
Type error: Type 'typeof i
mport("C:/Users/dhruv/Time
tabiQ/AI_Timetable-Schedul
ar/app/api/events/[id]/rou
te")' does not satisfy 
the constraint 'RouteHandl
erConfig<"/api/events/[id]
">'.
  Types of property 
'DELETE' are incompatible.
    Type '(request: 
Request, { params }: { 
params: { id: string; }; 
}) => 
Promise<NextResponse<{ 
message: string; }>>' is 
not assignable to type 
'(request: NextRequest, 
context: { params: 
Promise<{ id: string; }>; 
}) => void | Response | 
Promise<void | Response>'.
      Types of parameters 
'__1' and 'context' are 
incompatible.
        Type '{ params: 
Promise<{ id: string; }>; 
}' is not assignable to 
type '{ params: { id: 
string; }; }'.
          Types of 
property 'params' are 
incompatible.
            Property 'id' 
is missing in type 
'Promise<{ id: string; 
}>' but required in type 
'{ id: string; }'.

[0m [90m 286 |[39m   
type __IsExpected[33m<[3
9m[33mSpecific[39m 
[36mextends[39m [33mRou
teHandlerConfig[39m[33m<
[39m[32m"/api/events/[id
]"[39m[33m>>[39m 
[33m=[39m 
[33mSpecific[39m
 [90m 287 |[39m   
[36mconst[39m handler 
[33m=[39m {} 
[36mas[39m 
[36mtypeof[39m [36mimpo
rt[39m([32m"../../app/ap
i/events/[id]/route.js"[3
9m)
[31m[1m>[22m[39m[90m 
288 |[39m   type __Check 
[33m=[39m __IsExpected[
33m<[39m[36mtypeof[39m 
handler[33m>[39m
 [90m     |[39m         
                      
[31m[1m^[22m[39m
 [90m 289 |[39m   
[90m// @ts-ignore[39m
 [90m 290 |[39m   type 
__Unused [33m=[39m 
__Check
 [90m 291 |[39m }[0m
Next.js build worker 
exited with code: 1 and 
signal: null
